// Jest Snapshot v1, https://goo.gl/fbAQLP

exports[`Test: Home page Should match the snapshot 1`] = `
Object {
  "asFragment": [Function],
  "baseElement": <body>
    <div>
      <div>
        <div
          class="sc-dkzDqf fInPRA"
        >
          <h1
            class="sc-hKMtZM bkbaHp"
          >
            Covid-19 Metrics
          </h1>
          <img
            alt="mapa-mundi"
            src="mapa-mundi.png"
            width="400"
          />
        </div>
        <input
          class="sc-jSMfEi jvaqI"
          id="serchBar"
          name="search"
          placeholder="Search by country here"
          type="text"
        />
        <div
          class="sc-bczRLJ bYdHwV"
        />
      </div>
    </div>
  </body>,
  "container": <div>
    <div>
      <div
        class="sc-dkzDqf fInPRA"
      >
        <h1
          class="sc-hKMtZM bkbaHp"
        >
          Covid-19 Metrics
        </h1>
        <img
          alt="mapa-mundi"
          src="mapa-mundi.png"
          width="400"
        />
      </div>
      <input
        class="sc-jSMfEi jvaqI"
        id="serchBar"
        name="search"
        placeholder="Search by country here"
        type="text"
      />
      <div
        class="sc-bczRLJ bYdHwV"
      />
    </div>
  </div>,
  "debug": [Function],
  "findAllByAltText": [Function],
  "findAllByDisplayValue": [Function],
  "findAllByLabelText": [Function],
  "findAllByPlaceholderText": [Function],
  "findAllByRole": [Function],
  "findAllByTestId": [Function],
  "findAllByText": [Function],
  "findAllByTitle": [Function],
  "findByAltText": [Function],
  "findByDisplayValue": [Function],
  "findByLabelText": [Function],
  "findByPlaceholderText": [Function],
  "findByRole": [Function],
  "findByTestId": [Function],
  "findByText": [Function],
  "findByTitle": [Function],
  "getAllByAltText": [Function],
  "getAllByDisplayValue": [Function],
  "getAllByLabelText": [Function],
  "getAllByPlaceholderText": [Function],
  "getAllByRole": [Function],
  "getAllByTestId": [Function],
  "getAllByText": [Function],
  "getAllByTitle": [Function],
  "getByAltText": [Function],
  "getByDisplayValue": [Function],
  "getByLabelText": [Function],
  "getByPlaceholderText": [Function],
  "getByRole": [Function],
  "getByTestId": [Function],
  "getByText": [Function],
  "getByTitle": [Function],
  "queryAllByAltText": [Function],
  "queryAllByDisplayValue": [Function],
  "queryAllByLabelText": [Function],
  "queryAllByPlaceholderText": [Function],
  "queryAllByRole": [Function],
  "queryAllByTestId": [Function],
  "queryAllByText": [Function],
  "queryAllByTitle": [Function],
  "queryByAltText": [Function],
  "queryByDisplayValue": [Function],
  "queryByLabelText": [Function],
  "queryByPlaceholderText": [Function],
  "queryByRole": [Function],
  "queryByTestId": [Function],
  "queryByText": [Function],
  "queryByTitle": [Function],
  "rerender": [Function],
  "unmount": [Function],
}
`;
